FAILED tests/integration/test_groupby.py::test_group_by_nan - FutureWarning: Mismatched null-like values <NA> and nan found. In a future version, pandas equality-testing functions (e.g. assert_frame_equal) will consider these not-matchi...
FAILED tests/integration/test_over.py::test_over_with_windows - FutureWarning: Mismatched null-like values <NA> and nan found. In a future version, pandas equality-testing functions (e.g. assert_frame_equal) will consider these not-matchi...